<html>
<body>
<pre>
<h1>µVision Build Log</h1>
<h2>Tool Versions:</h2>
IDE-Version: µVision V5.24.2.0
Copyright (C) 2017 ARM Ltd and ARM Germany GmbH. All rights reserved.
License Information: Himanshu Windows, HP Inc., LIC=----
 
Tool Versions:
Toolchain:       MDK-Lite  Version: 5.24.1
Toolchain Path:  C:\Keil_v5\ARM\ARMCC\Bin
C Compiler:      Armcc.exe V5.06 update 5 (build 528)
Assembler:       Armasm.exe V5.06 update 5 (build 528)
Linker/Locator:  ArmLink.exe V5.06 update 5 (build 528)
Library Manager: ArmAr.exe V5.06 update 5 (build 528)
Hex Converter:   FromElf.exe V5.06 update 5 (build 528)
CPU DLL:         SARMCM3.DLL V5.24.1
Dialog DLL:      DCM.DLL V1.16.0.0
Target DLL:      STLink\ST-LINKIII-KEIL_SWO.dll V3.0.1.0
Dialog DLL:      TCM.DLL V1.32.0.0
 
<h2>Project:</h2>
C:\Users\HP\Documents\Keil5.0\MaybeFinal2\MDK-ARM\MaybeFinal2.uvprojx
Project File Date:  12/19/2017

<h2>Output:</h2>
*** Using Compiler 'V5.06 update 5 (build 528)', folder: 'C:\Keil_v5\ARM\ARMCC\Bin'
Build target 'MaybeFinal2'
compiling main.c...
../Src/main.c(491): warning:  #550-D: variable "sClockSourceConfig"  was set but never used
    TIM_ClockConfigTypeDef sClockSourceConfig;
../Src/main.c(533): warning:  #550-D: variable "sClockSourceConfig"  was set but never used
  	TIM_ClockConfigTypeDef sClockSourceConfig;
../Src/main.c(596): warning:  #550-D: variable "sClockSourceConfig"  was set but never used
  	TIM_ClockConfigTypeDef sClockSourceConfig;
../Src/main.c(724): warning:  #550-D: variable "zeroflag"  was set but never used
  		int RPM[3]={0};  int zeroflag[3];
../Src/main.c(325): warning:  #177-D: function "MX_TIM1_Init"  was declared but never referenced
  static void MX_TIM1_Init(void)
../Src/main.c(486): warning:  #177-D: function "MX_TIM4_Init"  was declared but never referenced
  static void MX_TIM4_Init(void)
../Src/main.c(530): warning:  #177-D: function "MX_TIM8_Init"  was declared but never referenced
  static void MX_TIM8_Init(void)
../Src/main.c(591): warning:  #177-D: function "MX_TIM12_Init"  was declared but never referenced
  static void MX_TIM12_Init(void)
../Src/main.c: 8 warnings, 0 errors
linking...
Program Size: Code=11704 RO-data=508 RW-data=84 ZI-data=1484  
"MaybeFinal2\MaybeFinal2.axf" - 0 Error(s), 8 Warning(s).

<h2>Software Packages used:</h2>

Package Vendor: ARM
                http://www.keil.com/pack/ARM.CMSIS.5.0.1.pack
                ARM.CMSIS.5.0.1
                CMSIS (Cortex Microcontroller Software Interface Standard)
   * Component: CORE Version: 5.0.1

Package Vendor: Keil
                http://www.keil.com/pack/Keil.STM32F4xx_DFP.2.11.0.pack
                Keil.STM32F4xx_DFP.2.11.0
                STMicroelectronics STM32F4 Series Device Support, Drivers and Examples

<h2>Collection of Component include folders:</h2>
  .\RTE\_MaybeFinal2
  C:\Keil_v5\ARM\PACK\ARM\CMSIS\5.0.1\CMSIS\Include
  C:\Keil_v5\ARM\PACK\Keil\STM32F4xx_DFP\2.11.0\Drivers\CMSIS\Device\ST\STM32F4xx\Include

<h2>Collection of Component Files used:</h2>

   * Component: ARM::CMSIS:CORE:5.0.1
Build Time Elapsed:  00:00:15
</pre>
</body>
</html>
